// Jest Snapshot v1, https://goo.gl/fbAQLP

exports[`button click button should be rendered 1`] = `
<div
  className="button"
  onClick={[Function]}
>
  text
</div>
`;

exports[`button click should click 1`] = `
Array [
  Array [],
]
`;
